MJ@MSI MINGW64 /d/web学习/找工作准备/我的网站/show/Angular-progress (master)
$ git init
Initialized empty Git repository in D:/web学习/找工作准备/我的网站/show/Angular-                                                                                                                                                                                               progress/.git/

MJ@MSI MINGW64 /d/web学习/找工作准备/我的网站/show/Angular-progress (master)
$ git remote add origin git@github.com:MaJun0007/Angular-progress.git

MJ@MSI MINGW64 /d/web学习/找工作准备/我的网站/show/Angular-progress (master)
$ git pull git@github.com:MaJun0007/Angular-progress.git
remote: Counting objects: 7, done.
remote: Compressing objects: 100% (4/4), done.
remote: Total 7 (delta 0), reused 0 (delta 0), pack-reused 0
Unpacking objects: 100% (7/7), done.
From github.com:MaJun0007/Angular-progress
 * branch            HEAD       -> FETCH_HEAD

MJ@MSI MINGW64 /d/web学习/找工作准备/我的网站/show/Angular-progress (master)
$ git add .

MJ@MSI MINGW64 /d/web学习/找工作准备/我的网站/show/Angular-progress (master)
$ git commit -m "app"
On branch master
nothing to commit, working tree clean

MJ@MSI MINGW64 /d/web学习/找工作准备/我的网站/show/Angular-progress (master)
$ git add .
warning: LF will be replaced by CRLF in js/angular.min.js.
The file will have its original line endings in your working directory.

MJ@MSI MINGW64 /d/web学习/找工作准备/我的网站/show/Angular-progress (master)
$ git remote rm origin

MJ@MSI MINGW64 /d/web学习/找工作准备/我的网站/show/Angular-progress (master)
$ git remote add
usage: git remote add [<options>] <name> <url>

    -f, --fetch           fetch the remote branches
    --tags                import all tags and associated objects when fetching
                          or do not fetch any tag at all (--no-tags)
    -t, --track <branch>  branch(es) to track
    -m, --master <branch>
                          master branch
    --mirror[=<push|fetch>]
                          set up remote as a mirror to push to or fetch from


MJ@MSI MINGW64 /d/web学习/找工作准备/我的网站/show/Angular-progress (master)
$ git remote add origin git@github.com:MaJun0007/Angular-progress.git

MJ@MSI MINGW64 /d/web学习/找工作准备/我的网站/show/Angular-progress (master)
$ git add .

MJ@MSI MINGW64 /d/web学习/找工作准备/我的网站/show/Angular-progress (master)
$ git commit -m "app"
[master d32a177] app
 4 files changed, 337 insertions(+)
 create mode 100644 css/style.css
 create mode 100644 index.html
 create mode 100644 js/angular.min.js
 create mode 100644 js/app.js

MJ@MSI MINGW64 /d/web学习/找工作准备/我的网站/show/Angular-progress (master)
$ git push
fatal: The current branch master has no upstream branch.
To push the current branch and set the remote as upstream, use

    git push --set-upstream origin master


MJ@MSI MINGW64 /d/web学习/找工作准备/我的网站/show/Angular-progress (master)
$ git push git@github.com:MaJun0007/Angular-progress.git
Counting objects: 8, done.
Delta compression using up to 8 threads.
Compressing objects: 100% (7/7), done.
Writing objects: 100% (8/8), 40.24 KiB | 0 bytes/s, done.
Total 8 (delta 0), reused 0 (delta 0)
To github.com:MaJun0007/Angular-progress.git
   a0c7f9e..d32a177  master -> master
